// Jest Snapshot v1, https://goo.gl/fbAQLP

exports[`jest-emotion with preact handles elements with no props 1`] = `"<div></div>"`;

exports[`jest-emotion with preact replaces class names and inserts styles into preact test component snapshots 1`] = `"<div class=\\"css-17f3slo\\"><svg class=\\"css-ybrhvy\\"></svg></div>"`;
